2021-03-11 22:34:55,664:INFO:flipkrat.py:Url hitted
2021-03-11 22:34:55,871:INFO:flipkrat.py:login popup handled
2021-03-11 22:34:56,219:INFO:flipkrat.py:Search begins
2021-03-11 22:34:59,039:INFO:flipkrat.py:Data saved in scrapper file
2021-03-11 22:35:58,120:INFO:flipkrat.py:Url hitted
2021-03-11 22:35:58,315:INFO:flipkrat.py:login popup handled
2021-03-11 22:35:58,591:INFO:flipkrat.py:Search begins
2021-03-11 22:36:01,400:INFO:flipkrat.py:Data saved in scrapper file
2021-03-11 22:36:23,309:INFO:flipkrat.py:Url hitted
2021-03-11 22:36:23,496:INFO:flipkrat.py:login popup handled
2021-03-11 22:36:23,770:INFO:flipkrat.py:Search begins
2021-03-11 22:36:33,418:INFO:flipkrat.py:Url hitted
2021-03-11 22:36:33,647:INFO:flipkrat.py:login popup handled
2021-03-11 22:36:34,002:INFO:flipkrat.py:Search begins
2021-03-11 22:36:36,914:INFO:flipkrat.py:Data saved in scrapper file
2021-03-11 22:37:59,845:INFO:flipkrat.py:Thread run completed
2021-03-12 18:10:07,996:INFO:flipkrat.py:Url hitted
2021-03-12 18:10:08,216:INFO:flipkrat.py:login popup handled
2021-03-12 18:10:08,649:INFO:flipkrat.py:Search begins for Nike
2021-03-12 18:10:15,835:INFO:flipkrat.py:Data saved in scrapper file
2021-03-12 18:21:17,976:INFO:flipkrat.py:Url hitted
2021-03-12 18:21:18,307:INFO:flipkrat.py:login popup handled
2021-03-12 18:21:18,661:INFO:flipkrat.py:Search begins for shorts
2021-03-12 18:21:45,120:INFO:flipkrat.py:Thread run completed
2021-03-12 18:51:46,598:INFO:flipkrat.py:Url hitted
2021-03-12 18:51:46,854:INFO:flipkrat.py:login popup handled
2021-03-12 18:51:47,148:INFO:flipkrat.py:Search begins for Nike
2021-03-12 18:51:52,934:INFO:flipkrat.py:Data saved in scrapper file
2021-03-12 18:59:13,412:INFO:flipkrat.py:Url hitted
2021-03-12 18:59:13,585:INFO:flipkrat.py:login popup handled
2021-03-12 18:59:13,871:INFO:flipkrat.py:Search begins for Nike
2021-03-12 18:59:20,027:INFO:flipkrat.py:Data saved in scrapper file
2021-03-12 19:05:39,138:INFO:flipkrat.py:Url hitted
2021-03-12 19:05:39,293:INFO:flipkrat.py:login popup handled
2021-03-12 19:05:39,627:INFO:flipkrat.py:Search begins for Saree
2021-03-12 19:05:45,435:INFO:flipkrat.py:Data saved in scrapper file
2021-03-12 19:48:30,551:INFO:flipkrat.py:Url hitted
2021-03-12 19:48:32,022:INFO:flipkrat.py:login popup handled
2021-03-12 19:48:33,971:INFO:flipkrat.py:Search begins for Nike
2021-03-12 19:48:39,271:INFO:flipkrat.py:Data saved in scrapper file
2021-03-12 19:52:16,469:INFO:flipkrat.py:Url hitted
2021-03-12 19:52:16,797:INFO:flipkrat.py:login popup handled
2021-03-12 19:52:17,244:INFO:flipkrat.py:Search begins for Nike
2021-03-12 19:52:19,627:INFO:flipkrat.py:Data saved in scrapper file
2021-03-12 22:38:31,082:INFO:flipkrat.py:Url hitted
2021-03-12 22:38:31,387:INFO:flipkrat.py:login popup handled
2021-03-12 22:38:31,835:INFO:flipkrat.py:Search begins for Nike
2021-03-12 22:38:38,080:INFO:flipkrat.py:Data saved in scrapper file
2021-08-01 15:16:07,847:INFO:flipkrat.py:Url hitted
2021-08-01 15:16:07,888:INFO:flipkrat.py:login popup handled
2021-08-01 15:16:07,981:INFO:flipkrat.py:Search begins for samsung
2021-08-01 15:16:09,936:INFO:flipkrat.py:Data saved in scrapper file
2021-08-01 15:17:33,103:INFO:flipkrat.py:Url hitted
2021-08-01 15:17:33,148:INFO:flipkrat.py:login popup handled
2021-08-01 15:17:33,252:INFO:flipkrat.py:Search begins for samsung
2021-08-01 15:17:36,074:INFO:flipkrat.py:data saved in scrapper file
2021-08-01 15:33:43,729:INFO:flipkrat.py:Url hitted
2021-08-01 15:33:43,797:INFO:flipkrat.py:login popup handled
2021-08-01 15:33:43,887:INFO:flipkrat.py:Search begins for samsung
2021-08-01 15:33:46,335:INFO:flipkrat.py:Data saved in scrapper file
2021-08-01 16:02:20,882:INFO:flipkrat.py:Url hitted
2021-08-01 16:02:20,978:INFO:flipkrat.py:login popup handled
2021-08-01 16:02:21,096:INFO:flipkrat.py:Search begins for samsung
2021-08-01 16:28:58,071:INFO:flipkrat.py:Url hitted
2021-08-01 16:28:58,144:INFO:flipkrat.py:login popup handled
2021-08-01 16:31:59,312:INFO:flipkrat.py:Url hitted
2021-08-01 16:31:59,384:INFO:flipkrat.py:login popup handled
2021-12-05 20:02:01,224:INFO:flipkrat.py:Url hitted
2021-12-05 20:02:01,966:INFO:flipkrat.py:login popup handled
2021-12-05 20:02:02,069:INFO:flipkrat.py:Search begins for samsung
2021-12-18 19:48:58,493:INFO:flipkrat.py:Url hitted
2021-12-18 19:48:58,541:INFO:flipkrat.py:login popup handled
2021-12-18 19:48:58,671:INFO:flipkrat.py:Search begins for iphone7
2021-12-19 20:39:24,615:INFO:flipkrat.py:Url hitted
2021-12-19 20:39:24,723:INFO:flipkrat.py:login popup handled
2021-12-19 20:39:24,930:INFO:flipkrat.py:Search begins for redmi-9i
2021-12-19 20:56:37,498:INFO:flipkrat.py:Url hitted
2021-12-19 20:56:37,689:INFO:flipkrat.py:login popup handled
2021-12-19 20:56:37,855:INFO:flipkrat.py:Search begins for redmi-9i
2021-12-19 21:14:32,206:INFO:flipkrat.py:Url hitted
2021-12-19 21:14:32,294:INFO:flipkrat.py:login popup handled
2021-12-19 21:14:32,468:INFO:flipkrat.py:Search begins for iphone7
2021-12-20 13:29:52,437:INFO:flipkrat.py:Url hitted
2021-12-20 13:29:52,624:INFO:flipkrat.py:login popup handled
2021-12-20 13:29:52,849:INFO:flipkrat.py:Search begins for Iphone-7
2021-12-20 13:29:54,916:INFO:flipkrat.py:Url hitted
2021-12-20 13:29:55,008:INFO:flipkrat.py:login popup handled
2021-12-20 13:29:55,217:INFO:flipkrat.py:Search begins for Iphone-7
2021-12-20 13:36:25,833:INFO:flipkrat.py:Url hitted
2021-12-20 13:36:25,935:INFO:flipkrat.py:login popup handled
2021-12-20 13:36:26,068:INFO:flipkrat.py:Search begins for Iphone-7
2021-12-20 13:36:31,608:INFO:flipkrat.py:Data saved in scrapper file
2021-12-20 13:42:20,093:INFO:flipkrat.py:Url hitted
2021-12-20 13:42:20,199:INFO:flipkrat.py:login popup handled
2021-12-20 13:42:20,395:INFO:flipkrat.py:Search begins for oppoa5
2021-12-20 13:51:15,828:INFO:flipkrat.py:Url hitted
2021-12-20 13:51:15,939:INFO:flipkrat.py:login popup handled
2021-12-20 13:51:16,136:INFO:flipkrat.py:Search begins for oppoa5
2021-12-20 13:53:26,307:INFO:flipkrat.py:Thread run completed
2021-12-20 13:55:57,469:INFO:flipkrat.py:Url hitted
2021-12-20 13:55:57,571:INFO:flipkrat.py:login popup handled
2021-12-20 13:55:57,755:INFO:flipkrat.py:Search begins for oppoa5
2021-12-20 13:56:13,816:INFO:flipkrat.py:Data saved in scrapper file
2021-12-20 15:07:35,401:INFO:flipkrat.py:Url hitted
2021-12-20 16:51:04,876:INFO:flipkrat.py:login popup handled
2021-12-20 17:01:23,189:INFO:flipkrat.py:Search begins for oppoa5
2021-12-20 17:26:40,075:INFO:flipkrat.py:Data saved in scrapper file
2021-12-20 17:38:49,059:INFO:flipkrat.py:Url hitted
2021-12-20 17:38:54,756:INFO:flipkrat.py:login popup handled
2021-12-20 17:39:06,265:INFO:flipkrat.py:Search begins for oppoa5
2021-12-20 17:46:52,901:INFO:flipkrat.py:Thread run completed
2021-12-20 18:06:47,036:INFO:flipkrat.py:data saved in scrapper file
2021-12-20 18:13:20,923:INFO:flipkrat.py:Url hitted
2021-12-20 18:13:27,127:INFO:flipkrat.py:login popup handled
2021-12-20 18:13:42,027:INFO:flipkrat.py:Search begins for realme
2021-12-20 18:17:59,580:INFO:flipkrat.py:Thread run completed
2021-12-22 18:38:44,545:INFO:flipkrat.py:Url hitted
2021-12-22 18:38:44,679:INFO:flipkrat.py:login popup handled
2021-12-22 18:38:44,832:INFO:flipkrat.py:Search begins for oppoa5
2021-12-22 18:39:04,246:INFO:flipkrat.py:Data saved in scrapper file
2021-12-29 19:32:34,087:INFO:flipkrat.py:Url hitted
2021-12-29 19:32:34,189:INFO:flipkrat.py:login popup handled
2021-12-29 19:32:34,369:INFO:flipkrat.py:Search begins for earpods
2021-12-29 19:35:52,983:INFO:flipkrat.py:Url hitted
2021-12-29 19:35:53,058:INFO:flipkrat.py:login popup handled
2021-12-29 19:35:53,230:INFO:flipkrat.py:Search begins for iphone7
2021-12-29 19:38:26,901:INFO:flipkrat.py:Url hitted
2021-12-29 19:38:26,982:INFO:flipkrat.py:login popup handled
2021-12-29 19:38:27,165:INFO:flipkrat.py:Search begins for oppoa5
2021-12-29 19:43:09,213:INFO:flipkrat.py:Thread run completed
2022-01-02 15:47:25,861:INFO:flipkrat.py:Url hitted
2022-01-02 15:47:25,979:INFO:flipkrat.py:login popup handled
2022-01-02 15:47:26,172:INFO:flipkrat.py:Search begins for samsung
2022-01-02 15:48:19,531:INFO:flipkrat.py:Thread run completed
2022-01-07 20:31:36,556:INFO:flipkrat.py:Url hitted
2022-01-07 20:31:36,694:INFO:flipkrat.py:login popup handled
2022-01-07 20:31:36,856:INFO:flipkrat.py:Search begins for iphone7
2022-01-07 20:32:28,121:INFO:flipkrat.py:Thread run completed
